Microchip MPLAB XC8 Compiler V2.32

Linker command line:

-W-3 --edf=C:\Program Files\Microchip\xc8\v2.32\pic\dat\en_msgs.txt -cn \
  -h+dist/default/production\LCDyMOTOR.X.production.sym \
  --cmf=dist/default/production\LCDyMOTOR.X.production.cmf -z -Q18F4550 \
  -oC:\Users\JOSHUA~1\AppData\Local\Temp\xcAsd8o.5 --defsym=__MPLAB_BUILD=1 \
  -Mdist/default/production/LCDyMOTOR.X.production.map -E1 \
  -ver=XC8 Compiler --acfsm=1493 -ASTACK=060h-07FFh -pstack=STACK \
  -ACODE=00h-07FFFh -ACONST=00h-07FFFh -ASMALLCONST=0800h-08FFhx120 \
  -AMEDIUMCONST=0800h-07FFFh -ACOMRAM=01h-05Fh -AABS1=00h-07FFh \
  -ABIGRAM=01h-07FFh -ARAM=060h-0FFh,0100h-01FFhx7 -ABANK0=060h-0FFh \
  -ABANK1=0100h-01FFh -ABANK2=0200h-02FFh -ABANK3=0300h-03FFh \
  -ABANK4=0400h-04FFh -ABANK5=0500h-05FFh -ABANK6=0600h-06FFh \
  -ABANK7=0700h-07FFh -ASFR=0F60h-0FFFh -ACONFIG=0300000h-030000Dh \
  -AIDLOC=0200000h-0200007h -AEEDATA=0F00000h-0F000FFh -peeprom_data=EEDATA \
  -preset_vec=00h,intcode=08h,intcodelo,powerup,init -pramtop=0800h \
  -psmallconst=SMALLCONST -pmediumconst=MEDIUMCONST -pconst=CONST \
  -AFARRAM=00h-00h \
  -prdata=COMRAM,nvrram=COMRAM,nvbit=COMRAM,rbss=COMRAM,rbit=COMRAM \
  -pfarbss=FARRAM,fardata=FARRAM,nvFARRAM=FARRAM \
  -pintsave_regs=BIGRAM,bigbss=BIGRAM,bigdata=BIGRAM -pbss=RAM \
  -pidata=CODE,irdata=CODE,ibigdata=CODE,ifardata=CODE -prparam=COMRAM \
  C:\Users\JOSHUA~1\AppData\Local\Temp\xcAsd8o.o \
  dist/default/production\LCDyMOTOR.X.production.o 

Object code version is 3.11

Machine type is 18F4550



                Name                               Link     Load   Length Selector   Space Scale
C:\Users\JOSHUA~1\AppData\Local\Temp\xcAsd8o.o
                idloc                            200000   200000        8        0       5
                config                           300000   300000        E        0       4
                init                                  E        E        4        4       0
                reset_vec                             0        0        4        0       0
dist/default/production\LCDyMOTOR.X.production.o
                intcode                               8        8        6        4       0
                idloc                            200000   200000        8        0       5
                config                           300000   300000        E        0       4
                temp                                 1C       1C        1        1       1
                smallconst                          800      800       60      400       0
                text16                             1012     1012       1A      430       0
                text15                              E8A      E8A       46      430       0
                text14                              C90      C90       76      430       0
                text13                              D60      D60       52      430       0
                text12                              F4C      F4C       36      430       0
                text11                              F0E      F0E       3E      430       0
                text10                              F82      F82       30      430       0
                text9                               DB2      DB2       4A      430       0
                intcode_body                        860      860      346      430       0
                text7                               FF8      FF8       1A      430       0
                text6                               E44      E44       46      430       0
                text5                              102C     102C       10      430       0
                text4                               D06      D06       5A      430       0
                text3                               ED0      ED0       3E      430       0
                text2                               BA6      BA6       EA      430       0
                text1                               FB2      FB2       28      430       0
                text0                               DFC      DFC       48      430       0
                cstackCOMRAM                          1        1       13        1       1
                bssCOMRAM                            14       14        8        1       1
                cinit                               FDA      FDA       1E      430       0

TOTAL           Name                               Link     Load   Length     Space
        CLASS   STACK          

        CLASS   CODE           
                intcode                               8        8        6         0
                init                                  E        E        4         0
                reset_vec                             0        0        4         0
                text16                             1012     1012       1A         0
                text15                              E8A      E8A       46         0
                text14                              C90      C90       76         0
                text13                              D60      D60       52         0
                text12                              F4C      F4C       36         0
                text11                              F0E      F0E       3E         0
                text10                              F82      F82       30         0
                text9                               DB2      DB2       4A         0
                intcode_body                        860      860      346         0
                text7                               FF8      FF8       1A         0
                text6                               E44      E44       46         0
                text5                              102C     102C       10         0
                text4                               D06      D06       5A         0
                text3                               ED0      ED0       3E         0
                text2                               BA6      BA6       EA         0
                text1                               FB2      FB2       28         0
                text0                               DFC      DFC       48         0
                cinit                               FDA      FDA       1E         0

        CLASS   CONST          

        CLASS   SMALLCONST     
                smallconst                          800      800       60         0

        CLASS   MEDIUMCONST    

        CLASS   COMRAM         
                temp                                 1C       1C        1         1
                cstackCOMRAM                          1        1       13         1
                bssCOMRAM                            14       14        8         1

        CLASS   ABS1           

        CLASS   BIGRAM         

        CLASS   RAM            

        CLASS   BANK0          

        CLASS   BANK1          

        CLASS   BANK2          

        CLASS   BANK3          

        CLASS   BANK4          

        CLASS   BANK5          

        CLASS   BANK6          

        CLASS   BANK7          

        CLASS   SFR            

        CLASS   CONFIG         
                config                           300000   300000        E         4

        CLASS   IDLOC          
                idloc                            200000   200000        8         5

        CLASS   EEDATA         

        CLASS   FARRAM         



SEGMENTS        Name                           Load    Length   Top    Selector   Space  Class

                reset_vec                      000000  000004  000004         0       0  CODE    
                cstackCOMRAM                   000001  00001C  00001D         1       1  COMRAM  
                intcode                        000008  00000A  000012         4       0  CODE    
                smallconst                     000800  000060  000860       400       0  SMALLCON
                intcode_body                   000860  0007DC  00103C       430       0  CODE    


UNUSED ADDRESS RANGES

        Name                Unused          Largest block    Delta
        BANK0            000060-0000FF               A0
        BANK1            000100-0001FF              100
        BANK2            000200-0002FF              100
        BANK3            000300-0003FF              100
        BANK4            000400-0004FF              100
        BANK5            000500-0005FF              100
        BANK6            000600-0006FF              100
        BANK7            000700-0007FF              100
        BIGRAM           00001D-0007FF              7E3
        CODE             000004-000007                4
                         000012-0007FF              7EE
                         00103C-007FFF             6FC4
        COMRAM           00001D-00005F               43
        CONST            000004-000007                4
                         000012-0007FF              7EE
                         00103C-007FFF             6FC4
        EEDATA           F00000-F000FF              100
        MEDIUMCONST      00103C-007FFF             6FC4
        RAM              000060-0007FF              100
        SFR              000F60-000FFF               A0
        SMALLCONST       00103C-007FFF              100
        STACK            000060-0007FF              7A0

                                  Symbol Table

LCD_WriteChr_CGRAM@Addres    cstackCOMRAM 000007
LCD_WriteChr_CGRAM@buffer    cstackCOMRAM 000005
LCD_WriteChr_CGRAM@i         cstackCOMRAM 000008
LCD_gotoXY@x                 cstackCOMRAM 000002
LCD_gotoXY@y                 cstackCOMRAM 000004
OpenXLCD@lcdtype             cstackCOMRAM 000013
SetCGRamAddr@CGaddr          cstackCOMRAM 000004
SetDDRamAddr@DDaddr          cstackCOMRAM 000012
WriteCmdXLCD@cmd             cstackCOMRAM 00000F
WriteDataXLCD@data           cstackCOMRAM 000001
_BusyXLCD                    text6        000E44
_DelayFor18TCY               text7        000FF8
_DelayPORXLCD                text5        00102C
_INTCON2bits                 (abs)        000FF1
_INTCONbits                  (abs)        000FF2
_JoshuaTimer0                intcode      000008
_LATBbits                    (abs)        000F8A
_LATDbits                    (abs)        000F8C
_LCD_Init                    text1        000FB2
_LCD_WriteChr_CGRAM          text12       000F4C
_LCD_gotoXY                  text10       000F82
_OpenXLCD                    text2        000BA6
_PORTD                       (abs)        000F83
_RCONbits                    (abs)        000FD0
_SetCGRamAddr                text14       000C90
_SetDDRamAddr                text4        000D06
_T0CONbits                   (abs)        000FD5
_TMR0                        (abs)        000FD6
_TRISBbits                   (abs)        000F93
_TRISD                       (abs)        000F95
_TRISDbits                   (abs)        000F95
_WriteCmdXLCD                text3        000ED0
_WriteDataXLCD               text13       000D60
__HRAM                       (abs)        000000
__Habs1                      abs1         000000
__Hbank0                     bank0        000000
__Hbank1                     bank1        000000
__Hbank2                     bank2        000000
__Hbank3                     bank3        000000
__Hbank4                     bank4        000000
__Hbank5                     bank5        000000
__Hbank6                     bank6        000000
__Hbank7                     bank7        000000
__Hbigbss                    bigbss       000000
__Hbigdata                   bigdata      000000
__Hbigram                    bigram       000000
__Hbss                       bss          000000
__HbssCOMRAM                 bssCOMRAM    000000
__Hcinit                     cinit        000000
__Hclrtext                   clrtext      000000
__Hcomram                    comram       000000
__Hconfig                    config       30000E
__Hconst                     const        000000
__HcstackCOMRAM              cstackCOMRAM 000000
__Hdata                      data         000000
__Heeprom_data               eeprom_data  000000
__Hfarbss                    farbss       000000
__Hfardata                   fardata      000000
__Hibigdata                  ibigdata     000000
__Hidata                     idata        000000
__Hidloc                     idloc        200008
__Hifardata                  ifardata     000000
__Hinit                      init         000012
__Hintcode                   intcode      00000E
__Hintcode_body              intcode_body 000000
__Hintcodelo                 intcodelo    00000E
__Hintentry                  intentry     000000
__Hintret                    intret       000000
__Hintsave_regs              intsave_regs 000000
__Hirdata                    irdata       000000
__Hmediumconst               mediumconst  000000
__HnvFARRAM                  nvFARRAM     000000
__Hnvbit                     nvbit        000000
__Hnvrram                    nvrram       000000
__Hparam                     rparam       000000
__Hpowerup                   powerup      00000E
__Hram                       ram          000000
__Hramtop                    ramtop       000800
__Hrbit                      rbit         000000
__Hrbss                      rbss         000000
__Hrdata                     rdata        000000
__Hreset_vec                 reset_vec    000004
__Hrparam                    rparam       000000
__Hsfr                       sfr          000000
__Hsmallconst                smallconst   000860
__Hspace_0                   (abs)        00103C
__Hspace_1                   (abs)        00001D
__Hspace_2                   (abs)        000000
__Hspace_4                   (abs)        60000E
__Hstack                     stack        000000
__Hstruct                    struct       000000
__Htemp                      temp         00001D
__Htext                      text         000000
__Htext0                     text0        000000
__Htext1                     text1        000000
__Htext10                    text10       000000
__Htext11                    text11       000000
__Htext12                    text12       000000
__Htext13                    text13       000000
__Htext14                    text14       000000
__Htext15                    text15       000000
__Htext16                    text16       000000
__Htext2                     text2        000000
__Htext3                     text3        000000
__Htext4                     text4        000000
__Htext5                     text5        000000
__Htext6                     text6        000000
__Htext7                     text7        000000
__Htext9                     text9        000000
__LRAM                       (abs)        000001
__Labs1                      abs1         000000
__Lbank0                     bank0        000000
__Lbank1                     bank1        000000
__Lbank2                     bank2        000000
__Lbank3                     bank3        000000
__Lbank4                     bank4        000000
__Lbank5                     bank5        000000
__Lbank6                     bank6        000000
__Lbank7                     bank7        000000
__Lbigbss                    bigbss       000000
__Lbigdata                   bigdata      000000
__Lbigram                    bigram       000000
__Lbss                       bss          000000
__LbssCOMRAM                 bssCOMRAM    000000
__Lcinit                     cinit        000000
__Lclrtext                   clrtext      000000
__Lcomram                    comram       000000
__Lconfig                    config       000000
__Lconst                     const        000000
__LcstackCOMRAM              cstackCOMRAM 000000
__Ldata                      data         000000
__Leeprom_data               eeprom_data  000000
__Lfarbss                    farbss       000000
__Lfardata                   fardata      000000
__Libigdata                  ibigdata     000000
__Lidata                     idata        000000
__Lidloc                     idloc        000000
__Lifardata                  ifardata     000000
__Linit                      init         00000E
__Lintcode                   intcode      000008
__Lintcode_body              intcode_body 000000
__Lintcodelo                 intcodelo    00000E
__Lintentry                  intentry     000000
__Lintret                    intret       000000
__Lintsave_regs              intsave_regs 000000
__Lirdata                    irdata       000000
__Lmediumconst               mediumconst  000000
__LnvFARRAM                  nvFARRAM     000000
__Lnvbit                     nvbit        000000
__Lnvrram                    nvrram       000000
__Lparam                     rparam       000000
__Lpowerup                   powerup      00000E
__Lram                       ram          000000
__Lramtop                    ramtop       000800
__Lrbit                      rbit         000000
__Lrbss                      rbss         000000
__Lrdata                     rdata        000000
__Lreset_vec                 reset_vec    000000
__Lrparam                    rparam       000000
__Lsfr                       sfr          000000
__Lsmallconst                smallconst   000800
__Lspace_0                   (abs)        000000
__Lspace_1                   (abs)        000000
__Lspace_2                   (abs)        000000
__Lspace_4                   (abs)        000000
__Lstack                     stack        000000
__Lstruct                    struct       000000
__Ltemp                      temp         00001C
__Ltext                      text         000000
__Ltext0                     text0        000000
__Ltext1                     text1        000000
__Ltext10                    text10       000000
__Ltext11                    text11       000000
__Ltext12                    text12       000000
__Ltext13                    text13       000000
__Ltext14                    text14       000000
__Ltext15                    text15       000000
__Ltext16                    text16       000000
__Ltext2                     text2        000000
__Ltext3                     text3        000000
__Ltext4                     text4        000000
__Ltext5                     text5        000000
__Ltext6                     text6        000000
__Ltext7                     text7        000000
__Ltext9                     text9        000000
__S0                         (abs)        00103C
__S1                         (abs)        00001D
__S2                         (abs)        000000
__S4                         (abs)        000000
__S5                         (abs)        000000
___inthi_sp                  stack        000000
___intlo_sp                  stack        000000
___param_bank                (abs)        000000
___rparam_used               (abs)        000001
___sp                        stack        000000
__accesstop                  (abs)        000060
__activetblptr               (abs)        000001
__end_of_BusyXLCD            text6        000E8A
__end_of_DelayFor18TCY       text7        001012
__end_of_DelayPORXLCD        text5        00103C
__end_of_JoshuaTimer0        intcode_body 000BA6
__end_of_LCD_Init            text1        000FDA
__end_of_LCD_WriteChr_CGRAM  text12       000F82
__end_of_LCD_gotoXY          text10       000FB2
__end_of_OpenXLCD            text2        000C90
__end_of_SetCGRamAddr        text14       000D06
__end_of_SetDDRamAddr        text4        000D60
__end_of_WriteCmdXLCD        text3        000F0E
__end_of_WriteDataXLCD       text13       000DB2
__end_of__initialization     cinit        000FE6
__end_of_main                text0        000E44
__end_of_putrsXLCD           text9        000DFC
__end_of_stick               smallconst   00080A
__end_ofi2_BusyXLCD          text15       000ED0
__end_ofi2_DelayFor18TCY     text16       00102C
__end_ofi2_WriteCmdXLCD      text11       000F4C
__initialization             cinit        000FDA
__mediumconst                mediumconst  000000
__pbssCOMRAM                 bssCOMRAM    000014
__pcinit                     cinit        000FDA
__pcstackCOMRAM              cstackCOMRAM 000001
__pintcode                   intcode      000008
__pintcode_body              intcode_body 000860
__psmallconst                smallconst   000800
__ptext0                     text0        000DFC
__ptext1                     text1        000FB2
__ptext10                    text10       000F82
__ptext11                    text11       000F0E
__ptext12                    text12       000F4C
__ptext13                    text13       000D60
__ptext14                    text14       000C90
__ptext15                    text15       000E8A
__ptext16                    text16       001012
__ptext2                     text2        000BA6
__ptext3                     text3        000ED0
__ptext4                     text4        000D06
__ptext5                     text5        00102C
__ptext6                     text6        000E44
__ptext7                     text7        000FF8
__ptext9                     text9        000DB2
__ramtop                     ramtop       000800
__size_of_BusyXLCD           (abs)        000000
__size_of_DelayFor18TCY      (abs)        000000
__size_of_DelayPORXLCD       (abs)        000000
__size_of_JoshuaTimer0       (abs)        000000
__size_of_LCD_Init           (abs)        000000
__size_of_LCD_WriteChr_CGRAM (abs)        000000
__size_of_LCD_gotoXY         (abs)        000000
__size_of_OpenXLCD           (abs)        000000
__size_of_SetCGRamAddr       (abs)        000000
__size_of_SetDDRamAddr       (abs)        000000
__size_of_WriteCmdXLCD       (abs)        000000
__size_of_WriteDataXLCD      (abs)        000000
__size_of_main               (abs)        000000
__size_of_putrsXLCD          (abs)        000000
__size_ofi2_BusyXLCD         (abs)        000000
__size_ofi2_DelayFor18TCY    (abs)        000000
__size_ofi2_WriteCmdXLCD     (abs)        000000
__smallconst                 smallconst   000800
_bandera                     bssCOMRAM    00001B
_caratula                    bssCOMRAM    000018
_caratulaAccion              bssCOMRAM    000016
_i                           bssCOMRAM    000014
_lineaAgain                  bssCOMRAM    00001A
_main                        text0        000DFC
_putrsXLCD                   text9        000DB2
_stick                       smallconst   000801
btemp                        temp         00001C
end_of_initialization        cinit        000FE6
i2WriteCmdXLCD@cmd           cstackCOMRAM 000001
i2_BusyXLCD                  text15       000E8A
i2_DelayFor18TCY             text16       001012
i2_WriteCmdXLCD              text11       000F0E
int$flags                    temp         00001C
int_func                     intcode_body 000860
intlevel0                    text         000000
intlevel1                    text         000000
intlevel2                    text         000000
intlevel3                    text         000000
isa$std                      (abs)        000001
isa$xinst                    (abs)        000000
putrsXLCD@buffer             cstackCOMRAM 000002
stackhi                      (abs)        0007FF
stacklo                      (abs)        000060
start                        init         00000E
start_initialization         cinit        000FDA
ttemp5                       temp         00001D
ttemp6                       temp         000020
ttemp7                       temp         000024
wtemp8                       temp         00001D


MODULE INFORMATION

Module		Function		Class		Link	Load	Size
LCD_libreria.c
		_BusyXLCD      		CODE           	0E44	0000	70
		_LCD_WriteChr_CGRAM		CODE           	0F4C	0000	54
		_SetCGRamAddr  		CODE           	0C90	0000	118
		_LCD_gotoXY    		CODE           	0F82	0000	48
		_DelayFor18TCY 		CODE           	0FF8	0000	26
		_WriteCmdXLCD  		CODE           	0ED0	0000	62
		_OpenXLCD      		CODE           	0BA6	0000	234
		_WriteDataXLCD 		CODE           	0D60	0000	82
		_SetDDRamAddr  		CODE           	0D06	0000	90
		_DelayPORXLCD  		CODE           	102C	0000	16
		_putrsXLCD     		CODE           	0DB2	0000	74

LCD_libreria.c estimated size: 874

Programa_principal.c
		_LCD_Init      		CODE           	0FB2	0000	40
		_main          		CODE           	0DFC	0000	72
		_JoshuaTimer0  		CODE           	0008	0000	844

Programa_principal.c estimated size: 956

shared
		_stick         		SMALLCONST     	0801	0000	9
		__initialization		CODE           	0FDA	0000	12
		i2_BusyXLCD    		CODE           	0E8A	0000	70
		i2_WriteCmdXLCD		CODE           	0F0E	0000	62
		i2_DelayFor18TCY		CODE           	1012	0000	26

shared estimated size: 179

